
> Configure project :drishti-demo
w: ⚠️ Deprecated 'Android Style' Source Directory
Usage of 'Android Style' source directory drishti-demo/src/main/kotlin is deprecated.
Use drishti-demo/src/androidMain/kotlin instead.

To suppress this warning: put the following in your gradle.properties:
kotlin.mpp.androidSourceSetLayoutV2AndroidStyleDirs.nowarn=true
Please migrate to the new source directory: drishti-demo/src/androidMain/kotlin
Learn more: https://kotl.in/android-source-set-layout-v2



> Task :drishti-molecule:checkKotlinGradlePluginConfigurationErrors SKIPPED
> Task :drishti-core:checkKotlinGradlePluginConfigurationErrors SKIPPED
> Task :drishti-molecule:preBuild UP-TO-DATE
> Task :drishti-core:preBuild UP-TO-DATE
> Task :drishti-core:preDebugBuild UP-TO-DATE
> Task :drishti-molecule:preDebugBuild UP-TO-DATE
> Task :drishti-molecule:generateDebugResValues UP-TO-DATE
> Task :drishti-core:generateDebugResValues UP-TO-DATE
> Task :drishti-molecule:generateDebugResources UP-TO-DATE
> Task :drishti-core:generateDebugResources UP-TO-DATE
> Task :drishti-molecule:packageDebugResources UP-TO-DATE
> Task :drishti-core:packageDebugResources UP-TO-DATE
> Task :drishti-core:parseDebugLocalResources UP-TO-DATE
> Task :drishti-molecule:parseDebugLocalResources UP-TO-DATE
> Task :drishti-core:generateDebugRFile UP-TO-DATE
> Task :drishti-molecule:generateDebugRFile UP-TO-DATE
> Task :drishti-molecule:javaPreCompileDebug UP-TO-DATE
> Task :drishti-molecule:preDebugUnitTestBuild UP-TO-DATE
> Task :drishti-molecule:generateDebugUnitTestStubRFile UP-TO-DATE
> Task :drishti-molecule:javaPreCompileDebugUnitTest UP-TO-DATE
> Task :drishti-core:compileDebugKotlinAndroid UP-TO-DATE
> Task :drishti-core:javaPreCompileDebug UP-TO-DATE
> Task :drishti-core:compileDebugJavaWithJavac NO-SOURCE
> Task :drishti-core:bundleLibRuntimeToJarDebug UP-TO-DATE
> Task :drishti-core:processDebugJavaRes UP-TO-DATE
> Task :drishti-core:bundleLibCompileToJarDebug UP-TO-DATE
> Task :drishti-molecule:compileDebugKotlinAndroid UP-TO-DATE
> Task :drishti-molecule:compileDebugJavaWithJavac NO-SOURCE
> Task :drishti-molecule:bundleLibRuntimeToJarDebug UP-TO-DATE
> Task :drishti-molecule:bundleLibCompileToJarDebug UP-TO-DATE
> Task :drishti-molecule:compileDebugUnitTestKotlinAndroid UP-TO-DATE
> Task :drishti-molecule:compileDebugUnitTestJavaWithJavac NO-SOURCE
> Task :drishti-molecule:processDebugJavaRes UP-TO-DATE
> Task :drishti-molecule:processDebugUnitTestJavaRes UP-TO-DATE

> Task :drishti-molecule:testDebugUnitTest FAILED

PubChemClientTest > fetchByNameReturnsMoleculeForValidCompound FAILED
    java.lang.AssertionError at PubChemClientTest.kt:21

1 test completed, 1 failed

FAILURE: Build failed with an exception.

* What went wrong:
Execution failed for task ':drishti-molecule:testDebugUnitTest'.
> There were failing tests. See the report at: file:///home/lathiss/Projects/DrishtiSDK/drishti-molecule/build/reports/tests/testDebugUnitTest/index.html

* Try:
> Run with --scan to get full insights.

BUILD FAILED in 1s
25 actionable tasks: 1 executed, 24 up-to-date
